// Jest Snapshot v1, https://goo.gl/fbAQLP

exports[`Custom Input should render a custom input 1`] = `
<View>
  <Text>
    Hello world !
  </Text>
  <Text>
    Hello
  </Text>
</View>
`;

exports[`Custom Input stylesheet should match snapshot 1`] = `
{
  "container": {
    "backgroundColor": "green",
    "flex": 1,
  },
}
`;

exports[`Custom Input viewModal should match snapshot 1`] = `"[object Object]"`;
